// Jest Snapshot v1, https://goo.gl/fbAQLP

exports[`Tile test cases Tile render check 1`] = `
<DocumentFragment>
  <section
    class="css-qlxy6r"
  >
    <h2>
      Lorem ipsum dolor sit amet
    </h2>
    <p>
      Etiam pulvinar ornare ornare. Vestibulum eget ante eget elit fringilla ultricies. Maecenas pretium mauris non porttitor semper. Nullam non interdum ex. Proin vel justo bibendum, iaculis justo sit amet, ullamcorper sem. Donec vitae velit in quam posuere accumsan ac ut est. Ut suscip.
    </p>
  </section>
</DocumentFragment>
`;
